// Jest Snapshot v1, https://goo.gl/fbAQLP

exports[`Example app testing for the Example Component test hello world function 1`] = `ShallowWrapper {}`;
